// Jest Snapshot v1, https://goo.gl/fbAQLP

exports[`should render Logo correctlly 1`] = `
<div
  className="items-center"
>
  <img
    alt="logo"
    className="logo-icon"
    src="/assets/images/logos/logo.png"
  />
  <[object Object]
    className="text-16 ml-4 font-light logo-text"
    color="textPrimary"
  >
    News & business intelligence for recruiters
  </[object Object]>
</div>
`;
